13:20:06 **** Incremental Build of configuration Debug for project Lab 5 ****
make -j4 all 
arm-none-eabi-gcc "../Core/Src/command.c" -mcpu=cortex-m3 -std=gnu11 -g3 -DDEBUG -DUSE_HAL_DRIVER -DSTM32F103x6 -c -I../Core/Inc -I../Drivers/STM32F1xx_HAL_Driver/Inc -I../Drivers/STM32F1xx_HAL_Driver/Inc/Legacy -I../Drivers/CMSIS/Device/ST/STM32F1xx/Include -I../Drivers/CMSIS/Include -O0 -ffunction-sections -fdata-sections -Wall -fstack-usage -MMD -MP -MF"Core/Src/command.d" -MT"Core/Src/command.o" --specs=nano.specs -mfloat-abi=soft -mthumb -o "Core/Src/command.o"
arm-none-eabi-gcc "../Core/Src/main.c" -mcpu=cortex-m3 -std=gnu11 -g3 -DDEBUG -DUSE_HAL_DRIVER -DSTM32F103x6 -c -I../Core/Inc -I../Drivers/STM32F1xx_HAL_Driver/Inc -I../Drivers/STM32F1xx_HAL_Driver/Inc/Legacy -I../Drivers/CMSIS/Device/ST/STM32F1xx/Include -I../Drivers/CMSIS/Include -O0 -ffunction-sections -fdata-sections -Wall -fstack-usage -MMD -MP -MF"Core/Src/main.d" -MT"Core/Src/main.o" --specs=nano.specs -mfloat-abi=soft -mthumb -o "Core/Src/main.o"
arm-none-eabi-gcc "../Core/Src/software_timer.c" -mcpu=cortex-m3 -std=gnu11 -g3 -DDEBUG -DUSE_HAL_DRIVER -DSTM32F103x6 -c -I../Core/Inc -I../Drivers/STM32F1xx_HAL_Driver/Inc -I../Drivers/STM32F1xx_HAL_Driver/Inc/Legacy -I../Drivers/CMSIS/Device/ST/STM32F1xx/Include -I../Drivers/CMSIS/Include -O0 -ffunction-sections -fdata-sections -Wall -fstack-usage -MMD -MP -MF"Core/Src/software_timer.d" -MT"Core/Src/software_timer.o" --specs=nano.specs -mfloat-abi=soft -mthumb -o "Core/Src/software_timer.o"
arm-none-eabi-gcc "../Core/Src/uart.c" -mcpu=cortex-m3 -std=gnu11 -g3 -DDEBUG -DUSE_HAL_DRIVER -DSTM32F103x6 -c -I../Core/Inc -I../Drivers/STM32F1xx_HAL_Driver/Inc -I../Drivers/STM32F1xx_HAL_Driver/Inc/Legacy -I../Drivers/CMSIS/Device/ST/STM32F1xx/Include -I../Drivers/CMSIS/Include -O0 -ffunction-sections -fdata-sections -Wall -fstack-usage -MMD -MP -MF"Core/Src/uart.d" -MT"Core/Src/uart.o" --specs=nano.specs -mfloat-abi=soft -mthumb -o "Core/Src/uart.o"
../Core/Src/uart.c: In function 'uart_communication_fsm':
../Core/Src/uart.c:31:65: warning: format '%d' expects argument of type 'int', but argument 3 has type 'uint32_t' {aka 'long unsigned int'} [-Wformat=]
   31 |    HAL_UART_Transmit(&huart2, (void *) str, sprintf(str, "!ADC=%d#\r\n", ADC_value), 1000);
      |                                                                ~^        ~~~~~~~~~
      |                                                                 |        |
      |                                                                 int      uint32_t {aka long unsigned int}
      |                                                                %ld
../Core/Src/uart.c:41:65: warning: format '%d' expects argument of type 'int', but argument 3 has type 'uint32_t' {aka 'long unsigned int'} [-Wformat=]
   41 |    HAL_UART_Transmit(&huart2, (void *) str, sprintf(str, "!ADC=%d#\r\n", ADC_value), 1000);
      |                                                                ~^        ~~~~~~~~~
      |                                                                 |        |
      |                                                                 int      uint32_t {aka long unsigned int}
      |                                                                %ld
arm-none-eabi-gcc -o "Lab 5.elf" @"objects.list"   -mcpu=cortex-m3 -T"F:\Minh Duc\STUDY\HCMUT\Junior\221\MPU - MCU\Labs\Lab Exercises\Lab 5\Lab 5\STM32F103C6UX_FLASH.ld" --specs=nosys.specs -Wl,-Map="Lab 5.map" -Wl,--gc-sections -static --specs=nano.specs -mfloat-abi=soft -mthumb -Wl,--start-group -lc -lm -Wl,--end-group
Finished building target: Lab 5.elf
 
arm-none-eabi-size   Lab\ 5.elf 
arm-none-eabi-objdump -h -S  Lab\ 5.elf  > "Lab 5.list"
arm-none-eabi-objcopy  -O ihex  Lab\ 5.elf  "Lab 5.hex"
arm-none-eabi-objcopy  -O binary  Lab\ 5.elf  "Lab 5.bin"
   text	   data	    bss	    dec	    hex	filename
  16232	    124	   1876	  18232	   4738	Lab 5.elf
Finished building: default.size.stdout
Finished building: Lab 5.hex
Finished building: Lab 5.bin
 
 
 
Finished building: Lab 5.list
 
